Archive member included because of file (symbol)

c:/users/lenovo/downloads/imt/00-tools/01-imt sdk/01- imt sdk-20230728t213645z-001/01- imt sdk/imt_sdk_win_64/winavr/bin/../lib/gcc/avr/4.3.3/avr5\libgcc.a(_udivmodhi4.o)
                              ./main.o (__udivmodhi4)
c:/users/lenovo/downloads/imt/00-tools/01-imt sdk/01- imt sdk-20230728t213645z-001/01- imt sdk/imt_sdk_win_64/winavr/bin/../lib/gcc/avr/4.3.3/avr5\libgcc.a(_divmodhi4.o)
                              ./main.o (__divmodhi4)
c:/users/lenovo/downloads/imt/00-tools/01-imt sdk/01- imt sdk-20230728t213645z-001/01- imt sdk/imt_sdk_win_64/winavr/bin/../lib/gcc/avr/4.3.3/avr5\libgcc.a(_udivmodsi4.o)
                              ./LCD_program.o (__udivmodsi4)
c:/users/lenovo/downloads/imt/00-tools/01-imt sdk/01- imt sdk-20230728t213645z-001/01- imt sdk/imt_sdk_win_64/winavr/bin/../lib/gcc/avr/4.3.3/avr5\libgcc.a(_exit.o)
                              c:/users/lenovo/downloads/imt/00-tools/01-imt sdk/01- imt sdk-20230728t213645z-001/01- imt sdk/imt_sdk_win_64/winavr/bin/../lib/gcc/avr/4.3.3/../../../../avr/lib/avr5/crtm32.o (exit)
c:/users/lenovo/downloads/imt/00-tools/01-imt sdk/01- imt sdk-20230728t213645z-001/01- imt sdk/imt_sdk_win_64/winavr/bin/../lib/gcc/avr/4.3.3/avr5\libgcc.a(_copy_data.o)
                              ./KYP_program.o (__do_copy_data)
c:/users/lenovo/downloads/imt/00-tools/01-imt sdk/01- imt sdk-20230728t213645z-001/01- imt sdk/imt_sdk_win_64/winavr/bin/../lib/gcc/avr/4.3.3/avr5\libgcc.a(_clear_bss.o)
                              ./LCD_program.o (__do_clear_bss)
c:/users/lenovo/downloads/imt/00-tools/01-imt sdk/01- imt sdk-20230728t213645z-001/01- imt sdk/imt_sdk_win_64/winavr/bin/../lib/gcc/avr/4.3.3/avr5\libgcc.a(_fixunssfsi.o)
                              ./KYP_program.o (__fixunssfsi)
c:/users/lenovo/downloads/imt/00-tools/01-imt sdk/01- imt sdk-20230728t213645z-001/01- imt sdk/imt_sdk_win_64/winavr/bin/../lib/gcc/avr/4.3.3/avr5\libgcc.a(_addsub_sf.o)
                              c:/users/lenovo/downloads/imt/00-tools/01-imt sdk/01- imt sdk-20230728t213645z-001/01- imt sdk/imt_sdk_win_64/winavr/bin/../lib/gcc/avr/4.3.3/avr5\libgcc.a(_fixunssfsi.o) (__subsf3)
c:/users/lenovo/downloads/imt/00-tools/01-imt sdk/01- imt sdk-20230728t213645z-001/01- imt sdk/imt_sdk_win_64/winavr/bin/../lib/gcc/avr/4.3.3/avr5\libgcc.a(_mul_sf.o)
                              ./KYP_program.o (__mulsf3)
c:/users/lenovo/downloads/imt/00-tools/01-imt sdk/01- imt sdk-20230728t213645z-001/01- imt sdk/imt_sdk_win_64/winavr/bin/../lib/gcc/avr/4.3.3/avr5\libgcc.a(_gt_sf.o)
                              ./KYP_program.o (__gtsf2)
c:/users/lenovo/downloads/imt/00-tools/01-imt sdk/01- imt sdk-20230728t213645z-001/01- imt sdk/imt_sdk_win_64/winavr/bin/../lib/gcc/avr/4.3.3/avr5\libgcc.a(_ge_sf.o)
                              c:/users/lenovo/downloads/imt/00-tools/01-imt sdk/01- imt sdk-20230728t213645z-001/01- imt sdk/imt_sdk_win_64/winavr/bin/../lib/gcc/avr/4.3.3/avr5\libgcc.a(_fixunssfsi.o) (__gesf2)
c:/users/lenovo/downloads/imt/00-tools/01-imt sdk/01- imt sdk-20230728t213645z-001/01- imt sdk/imt_sdk_win_64/winavr/bin/../lib/gcc/avr/4.3.3/avr5\libgcc.a(_lt_sf.o)
                              ./KYP_program.o (__ltsf2)
c:/users/lenovo/downloads/imt/00-tools/01-imt sdk/01- imt sdk-20230728t213645z-001/01- imt sdk/imt_sdk_win_64/winavr/bin/../lib/gcc/avr/4.3.3/avr5\libgcc.a(_sf_to_si.o)
                              c:/users/lenovo/downloads/imt/00-tools/01-imt sdk/01- imt sdk-20230728t213645z-001/01- imt sdk/imt_sdk_win_64/winavr/bin/../lib/gcc/avr/4.3.3/avr5\libgcc.a(_fixunssfsi.o) (__fixsfsi)
c:/users/lenovo/downloads/imt/00-tools/01-imt sdk/01- imt sdk-20230728t213645z-001/01- imt sdk/imt_sdk_win_64/winavr/bin/../lib/gcc/avr/4.3.3/avr5\libgcc.a(_thenan_sf.o)
                              c:/users/lenovo/downloads/imt/00-tools/01-imt sdk/01- imt sdk-20230728t213645z-001/01- imt sdk/imt_sdk_win_64/winavr/bin/../lib/gcc/avr/4.3.3/avr5\libgcc.a(_addsub_sf.o) (__thenan_sf)
c:/users/lenovo/downloads/imt/00-tools/01-imt sdk/01- imt sdk-20230728t213645z-001/01- imt sdk/imt_sdk_win_64/winavr/bin/../lib/gcc/avr/4.3.3/avr5\libgcc.a(_prologue.o)
                              c:/users/lenovo/downloads/imt/00-tools/01-imt sdk/01- imt sdk-20230728t213645z-001/01- imt sdk/imt_sdk_win_64/winavr/bin/../lib/gcc/avr/4.3.3/avr5\libgcc.a(_addsub_sf.o) (__prologue_saves__)
c:/users/lenovo/downloads/imt/00-tools/01-imt sdk/01- imt sdk-20230728t213645z-001/01- imt sdk/imt_sdk_win_64/winavr/bin/../lib/gcc/avr/4.3.3/avr5\libgcc.a(_epilogue.o)
                              c:/users/lenovo/downloads/imt/00-tools/01-imt sdk/01- imt sdk-20230728t213645z-001/01- imt sdk/imt_sdk_win_64/winavr/bin/../lib/gcc/avr/4.3.3/avr5\libgcc.a(_addsub_sf.o) (__epilogue_restores__)
c:/users/lenovo/downloads/imt/00-tools/01-imt sdk/01- imt sdk-20230728t213645z-001/01- imt sdk/imt_sdk_win_64/winavr/bin/../lib/gcc/avr/4.3.3/avr5\libgcc.a(_pack_sf.o)
                              c:/users/lenovo/downloads/imt/00-tools/01-imt sdk/01- imt sdk-20230728t213645z-001/01- imt sdk/imt_sdk_win_64/winavr/bin/../lib/gcc/avr/4.3.3/avr5\libgcc.a(_addsub_sf.o) (__pack_f)
c:/users/lenovo/downloads/imt/00-tools/01-imt sdk/01- imt sdk-20230728t213645z-001/01- imt sdk/imt_sdk_win_64/winavr/bin/../lib/gcc/avr/4.3.3/avr5\libgcc.a(_unpack_sf.o)
                              c:/users/lenovo/downloads/imt/00-tools/01-imt sdk/01- imt sdk-20230728t213645z-001/01- imt sdk/imt_sdk_win_64/winavr/bin/../lib/gcc/avr/4.3.3/avr5\libgcc.a(_addsub_sf.o) (__unpack_f)
c:/users/lenovo/downloads/imt/00-tools/01-imt sdk/01- imt sdk-20230728t213645z-001/01- imt sdk/imt_sdk_win_64/winavr/bin/../lib/gcc/avr/4.3.3/avr5\libgcc.a(_fpcmp_parts_sf.o)
                              c:/users/lenovo/downloads/imt/00-tools/01-imt sdk/01- imt sdk-20230728t213645z-001/01- imt sdk/imt_sdk_win_64/winavr/bin/../lib/gcc/avr/4.3.3/avr5\libgcc.a(_gt_sf.o) (__fpcmp_parts_f)

Memory Configuration

Name             Origin             Length             Attributes
text             0x00000000         0x00020000         xr
data             0x00800060         0x0000ffa0         rw !x
eeprom           0x00810000         0x00010000         rw !x
fuse             0x00820000         0x00000400         rw !x
lock             0x00830000         0x00000400         rw !x
signature        0x00840000         0x00000400         rw !x
*default*        0x00000000         0xffffffff

Linker script and memory map

LOAD c:/users/lenovo/downloads/imt/00-tools/01-imt sdk/01- imt sdk-20230728t213645z-001/01- imt sdk/imt_sdk_win_64/winavr/bin/../lib/gcc/avr/4.3.3/../../../../avr/lib/avr5/crtm32.o
LOAD ./KYP_program.o
LOAD ./LCD_program.o
LOAD ./main.o
LOAD ./program.o
LOAD c:/users/lenovo/downloads/imt/00-tools/01-imt sdk/01- imt sdk-20230728t213645z-001/01- imt sdk/imt_sdk_win_64/winavr/bin/../lib/gcc/avr/4.3.3/avr5\libgcc.a
LOAD c:/users/lenovo/downloads/imt/00-tools/01-imt sdk/01- imt sdk-20230728t213645z-001/01- imt sdk/imt_sdk_win_64/winavr/bin/../lib/gcc/avr/4.3.3/../../../../avr/lib/avr5\libc.a
LOAD c:/users/lenovo/downloads/imt/00-tools/01-imt sdk/01- imt sdk-20230728t213645z-001/01- imt sdk/imt_sdk_win_64/winavr/bin/../lib/gcc/avr/4.3.3/avr5\libgcc.a

.hash
 *(.hash)

.dynsym
 *(.dynsym)

.dynstr
 *(.dynstr)

.gnu.version
 *(.gnu.version)

.gnu.version_d
 *(.gnu.version_d)

.gnu.version_r
 *(.gnu.version_r)

.rel.init
 *(.rel.init)

.rela.init
 *(.rela.init)

.rel.text
 *(.rel.text)
 *(.rel.text.*)
 *(.rel.gnu.linkonce.t*)

.rela.text
 *(.rela.text)
 *(.rela.text.*)
 *(.rela.gnu.linkonce.t*)

.rel.fini
 *(.rel.fini)

.rela.fini
 *(.rela.fini)

.rel.rodata
 *(.rel.rodata)
 *(.rel.rodata.*)
 *(.rel.gnu.linkonce.r*)

.rela.rodata
 *(.rela.rodata)
 *(.rela.rodata.*)
 *(.rela.gnu.linkonce.r*)

.rel.data
 *(.rel.data)
 *(.rel.data.*)
 *(.rel.gnu.linkonce.d*)

.rela.data
 *(.rela.data)
 *(.rela.data.*)
 *(.rela.gnu.linkonce.d*)

.rel.ctors
 *(.rel.ctors)

.rela.ctors
 *(.rela.ctors)

.rel.dtors
 *(.rel.dtors)

.rela.dtors
 *(.rela.dtors)

.rel.got
 *(.rel.got)

.rela.got
 *(.rela.got)

.rel.bss
 *(.rel.bss)

.rela.bss
 *(.rela.bss)

.rel.plt
 *(.rel.plt)

.rela.plt
 *(.rela.plt)

.text           0x00000000     0x3c2e
 *(.vectors)
 .vectors       0x00000000       0x54 c:/users/lenovo/downloads/imt/00-tools/01-imt sdk/01- imt sdk-20230728t213645z-001/01- imt sdk/imt_sdk_win_64/winavr/bin/../lib/gcc/avr/4.3.3/../../../../avr/lib/avr5/crtm32.o
                0x00000000                __vectors
                0x00000000                __vector_default
 *(.vectors)
 *(.progmem.gcc*)
 *(.progmem*)
                0x00000054                . = ALIGN (0x2)
                0x00000054                __trampolines_start = .
 *(.trampolines)
 .trampolines   0x00000054        0x0 linker stubs
 *(.trampolines*)
                0x00000054                __trampolines_end = .
 *(.jumptables)
 *(.jumptables*)
 *(.lowtext)
 *(.lowtext*)
                0x00000054                __ctors_start = .
 *(.ctors)
                0x00000054                __ctors_end = .
                0x00000054                __dtors_start = .
 *(.dtors)
                0x00000054                __dtors_end = .
 SORT(*)(.ctors)
 SORT(*)(.dtors)
 *(.init0)
 .init0         0x00000054        0x0 c:/users/lenovo/downloads/imt/00-tools/01-imt sdk/01- imt sdk-20230728t213645z-001/01- imt sdk/imt_sdk_win_64/winavr/bin/../lib/gcc/avr/4.3.3/../../../../avr/lib/avr5/crtm32.o
                0x00000054                __init
 *(.init0)
 *(.init1)
 *(.init1)
 *(.init2)
 .init2         0x00000054        0xc c:/users/lenovo/downloads/imt/00-tools/01-imt sdk/01- imt sdk-20230728t213645z-001/01- imt sdk/imt_sdk_win_64/winavr/bin/../lib/gcc/avr/4.3.3/../../../../avr/lib/avr5/crtm32.o
 *(.init2)
 *(.init3)
 *(.init3)
 *(.init4)
 .init4         0x00000060       0x16 c:/users/lenovo/downloads/imt/00-tools/01-imt sdk/01- imt sdk-20230728t213645z-001/01- imt sdk/imt_sdk_win_64/winavr/bin/../lib/gcc/avr/4.3.3/avr5\libgcc.a(_copy_data.o)
                0x00000060                __do_copy_data
 .init4         0x00000076       0x10 c:/users/lenovo/downloads/imt/00-tools/01-imt sdk/01- imt sdk-20230728t213645z-001/01- imt sdk/imt_sdk_win_64/winavr/bin/../lib/gcc/avr/4.3.3/avr5\libgcc.a(_clear_bss.o)
                0x00000076                __do_clear_bss
 *(.init4)
 *(.init5)
 *(.init5)
 *(.init6)
 *(.init6)
 *(.init7)
 *(.init7)
 *(.init8)
 *(.init8)
 *(.init9)
 .init9         0x00000086        0x8 c:/users/lenovo/downloads/imt/00-tools/01-imt sdk/01- imt sdk-20230728t213645z-001/01- imt sdk/imt_sdk_win_64/winavr/bin/../lib/gcc/avr/4.3.3/../../../../avr/lib/avr5/crtm32.o
 *(.init9)
 *(.text)
 .text          0x0000008e        0x4 c:/users/lenovo/downloads/imt/00-tools/01-imt sdk/01- imt sdk-20230728t213645z-001/01- imt sdk/imt_sdk_win_64/winavr/bin/../lib/gcc/avr/4.3.3/../../../../avr/lib/avr5/crtm32.o
                0x0000008e                __vector_1
                0x0000008e                __vector_12
                0x0000008e                __bad_interrupt
                0x0000008e                __vector_6
                0x0000008e                __vector_3
                0x0000008e                __vector_11
                0x0000008e                __vector_13
                0x0000008e                __vector_17
                0x0000008e                __vector_19
                0x0000008e                __vector_7
                0x0000008e                __vector_5
                0x0000008e                __vector_4
                0x0000008e                __vector_9
                0x0000008e                __vector_2
                0x0000008e                __vector_15
                0x0000008e                __vector_8
                0x0000008e                __vector_14
                0x0000008e                __vector_10
                0x0000008e                __vector_16
                0x0000008e                __vector_18
                0x0000008e                __vector_20
 .text          0x00000092        0x0 ./KYP_program.o
 .text          0x00000092        0x0 ./LCD_program.o
 .text          0x00000092        0x0 ./main.o
 .text          0x00000092        0x0 ./program.o
 .text          0x00000092        0x0 c:/users/lenovo/downloads/imt/00-tools/01-imt sdk/01- imt sdk-20230728t213645z-001/01- imt sdk/imt_sdk_win_64/winavr/bin/../lib/gcc/avr/4.3.3/avr5\libgcc.a(_udivmodhi4.o)
 .text          0x00000092        0x0 c:/users/lenovo/downloads/imt/00-tools/01-imt sdk/01- imt sdk-20230728t213645z-001/01- imt sdk/imt_sdk_win_64/winavr/bin/../lib/gcc/avr/4.3.3/avr5\libgcc.a(_divmodhi4.o)
 .text          0x00000092        0x0 c:/users/lenovo/downloads/imt/00-tools/01-imt sdk/01- imt sdk-20230728t213645z-001/01- imt sdk/imt_sdk_win_64/winavr/bin/../lib/gcc/avr/4.3.3/avr5\libgcc.a(_udivmodsi4.o)
 .text          0x00000092        0x0 c:/users/lenovo/downloads/imt/00-tools/01-imt sdk/01- imt sdk-20230728t213645z-001/01- imt sdk/imt_sdk_win_64/winavr/bin/../lib/gcc/avr/4.3.3/avr5\libgcc.a(_exit.o)
 .text          0x00000092        0x0 c:/users/lenovo/downloads/imt/00-tools/01-imt sdk/01- imt sdk-20230728t213645z-001/01- imt sdk/imt_sdk_win_64/winavr/bin/../lib/gcc/avr/4.3.3/avr5\libgcc.a(_copy_data.o)
 .text          0x00000092        0x0 c:/users/lenovo/downloads/imt/00-tools/01-imt sdk/01- imt sdk-20230728t213645z-001/01- imt sdk/imt_sdk_win_64/winavr/bin/../lib/gcc/avr/4.3.3/avr5\libgcc.a(_clear_bss.o)
 .text          0x00000092       0x58 c:/users/lenovo/downloads/imt/00-tools/01-imt sdk/01- imt sdk-20230728t213645z-001/01- imt sdk/imt_sdk_win_64/winavr/bin/../lib/gcc/avr/4.3.3/avr5\libgcc.a(_fixunssfsi.o)
                0x00000092                __fixunssfsi
 .text          0x000000ea      0x354 c:/users/lenovo/downloads/imt/00-tools/01-imt sdk/01- imt sdk-20230728t213645z-001/01- imt sdk/imt_sdk_win_64/winavr/bin/../lib/gcc/avr/4.3.3/avr5\libgcc.a(_addsub_sf.o)
                0x00000382                __subsf3
                0x000003e4                __addsf3
 .text          0x0000043e      0x1f4 c:/users/lenovo/downloads/imt/00-tools/01-imt sdk/01- imt sdk-20230728t213645z-001/01- imt sdk/imt_sdk_win_64/winavr/bin/../lib/gcc/avr/4.3.3/avr5\libgcc.a(_mul_sf.o)
                0x0000043e                __mulsf3
 .text          0x00000632       0x60 c:/users/lenovo/downloads/imt/00-tools/01-imt sdk/01- imt sdk-20230728t213645z-001/01- imt sdk/imt_sdk_win_64/winavr/bin/../lib/gcc/avr/4.3.3/avr5\libgcc.a(_gt_sf.o)
                0x00000632                __gtsf2
 .text          0x00000692       0x60 c:/users/lenovo/downloads/imt/00-tools/01-imt sdk/01- imt sdk-20230728t213645z-001/01- imt sdk/imt_sdk_win_64/winavr/bin/../lib/gcc/avr/4.3.3/avr5\libgcc.a(_ge_sf.o)
                0x00000692                __gesf2
 .text          0x000006f2       0x60 c:/users/lenovo/downloads/imt/00-tools/01-imt sdk/01- imt sdk-20230728t213645z-001/01- imt sdk/imt_sdk_win_64/winavr/bin/../lib/gcc/avr/4.3.3/avr5\libgcc.a(_lt_sf.o)
                0x000006f2                __ltsf2
 .text          0x00000752       0xa8 c:/users/lenovo/downloads/imt/00-tools/01-imt sdk/01- imt sdk-20230728t213645z-001/01- imt sdk/imt_sdk_win_64/winavr/bin/../lib/gcc/avr/4.3.3/avr5\libgcc.a(_sf_to_si.o)
                0x00000752                __fixsfsi
 .text          0x000007fa        0x0 c:/users/lenovo/downloads/imt/00-tools/01-imt sdk/01- imt sdk-20230728t213645z-001/01- imt sdk/imt_sdk_win_64/winavr/bin/../lib/gcc/avr/4.3.3/avr5\libgcc.a(_thenan_sf.o)
 .text          0x000007fa        0x0 c:/users/lenovo/downloads/imt/00-tools/01-imt sdk/01- imt sdk-20230728t213645z-001/01- imt sdk/imt_sdk_win_64/winavr/bin/../lib/gcc/avr/4.3.3/avr5\libgcc.a(_prologue.o)
 .text          0x000007fa        0x0 c:/users/lenovo/downloads/imt/00-tools/01-imt sdk/01- imt sdk-20230728t213645z-001/01- imt sdk/imt_sdk_win_64/winavr/bin/../lib/gcc/avr/4.3.3/avr5\libgcc.a(_epilogue.o)
 .text          0x000007fa      0x1aa c:/users/lenovo/downloads/imt/00-tools/01-imt sdk/01- imt sdk-20230728t213645z-001/01- imt sdk/imt_sdk_win_64/winavr/bin/../lib/gcc/avr/4.3.3/avr5\libgcc.a(_pack_sf.o)
                0x000007fa                __pack_f
 .text          0x000009a4       0xf0 c:/users/lenovo/downloads/imt/00-tools/01-imt sdk/01- imt sdk-20230728t213645z-001/01- imt sdk/imt_sdk_win_64/winavr/bin/../lib/gcc/avr/4.3.3/avr5\libgcc.a(_unpack_sf.o)
                0x000009a4                __unpack_f
 .text          0x00000a94       0xb2 c:/users/lenovo/downloads/imt/00-tools/01-imt sdk/01- imt sdk-20230728t213645z-001/01- imt sdk/imt_sdk_win_64/winavr/bin/../lib/gcc/avr/4.3.3/avr5\libgcc.a(_fpcmp_parts_sf.o)
                0x00000a94                __fpcmp_parts_f
                0x00000b46                . = ALIGN (0x2)
 *(.text.*)
 .text.KYP_Init
                0x00000b46       0xae ./KYP_program.o
                0x00000b46                KYP_Init
 .text.KYP_u8GetPressed
                0x00000bf4      0x1ae ./KYP_program.o
                0x00000bf4                KYP_u8GetPressed
 .text.CLCD_voidCommand
                0x00000da2      0x48c ./LCD_program.o
                0x00000da2                CLCD_voidCommand
 .text.CLCD_voidSendData
                0x0000122e      0x48c ./LCD_program.o
                0x0000122e                CLCD_voidSendData
 .text.CLCD_voidInit
                0x000016ba      0x3f6 ./LCD_program.o
                0x000016ba                CLCD_voidInit
 .text.CLCD_GoTOXY
                0x00001ab0       0x58 ./LCD_program.o
                0x00001ab0                CLCD_GoTOXY
 .text.CLCD_voidSendString
                0x00001b08       0x52 ./LCD_program.o
                0x00001b08                CLCD_voidSendString
 .text.CLCD_voidWriteNumber
                0x00001b5a       0xe6 ./LCD_program.o
                0x00001b5a                CLCD_voidWriteNumber
 .text.write_special_character
                0x00001c40       0x84 ./LCD_program.o
                0x00001c40                write_special_character
 .text.CLCD_Void_LCDClear
                0x00001cc4       0x14 ./LCD_program.o
                0x00001cc4                CLCD_Void_LCDClear
 .text.main     0x00001cd8     0x1532 ./main.o
                0x00001cd8                main
 .text.DIO_INIT
                0x0000320a      0x224 ./program.o
                0x0000320a                DIO_INIT
 .text.DIO_SetPinValue
                0x0000342e      0x21c ./program.o
                0x0000342e                DIO_SetPinValue
 .text.DIO_ReadPin
                0x0000364a      0x126 ./program.o
                0x0000364a                DIO_ReadPin
 .text.TogglePin
                0x00003770      0x19e ./program.o
                0x00003770                TogglePin
 .text.DIO_SetPortDirection
                0x0000390e      0x10e ./program.o
                0x0000390e                DIO_SetPortDirection
 .text.DIO_SetPortValue
                0x00003a1c      0x10e ./program.o
                0x00003a1c                DIO_SetPortValue
 .text.libgcc   0x00003b2a       0x28 c:/users/lenovo/downloads/imt/00-tools/01-imt sdk/01- imt sdk-20230728t213645z-001/01- imt sdk/imt_sdk_win_64/winavr/bin/../lib/gcc/avr/4.3.3/avr5\libgcc.a(_udivmodhi4.o)
                0x00003b2a                __udivmodhi4
 .text.libgcc   0x00003b52       0x26 c:/users/lenovo/downloads/imt/00-tools/01-imt sdk/01- imt sdk-20230728t213645z-001/01- imt sdk/imt_sdk_win_64/winavr/bin/../lib/gcc/avr/4.3.3/avr5\libgcc.a(_divmodhi4.o)
                0x00003b52                __divmodhi4
                0x00003b52                _div
 .text.libgcc   0x00003b78       0x44 c:/users/lenovo/downloads/imt/00-tools/01-imt sdk/01- imt sdk-20230728t213645z-001/01- imt sdk/imt_sdk_win_64/winavr/bin/../lib/gcc/avr/4.3.3/avr5\libgcc.a(_udivmodsi4.o)
                0x00003b78                __udivmodsi4
 .text.libgcc   0x00003bbc        0x0 c:/users/lenovo/downloads/imt/00-tools/01-imt sdk/01- imt sdk-20230728t213645z-001/01- imt sdk/imt_sdk_win_64/winavr/bin/../lib/gcc/avr/4.3.3/avr5\libgcc.a(_exit.o)
 .text.libgcc   0x00003bbc        0x0 c:/users/lenovo/downloads/imt/00-tools/01-imt sdk/01- imt sdk-20230728t213645z-001/01- imt sdk/imt_sdk_win_64/winavr/bin/../lib/gcc/avr/4.3.3/avr5\libgcc.a(_copy_data.o)
 .text.libgcc   0x00003bbc        0x0 c:/users/lenovo/downloads/imt/00-tools/01-imt sdk/01- imt sdk-20230728t213645z-001/01- imt sdk/imt_sdk_win_64/winavr/bin/../lib/gcc/avr/4.3.3/avr5\libgcc.a(_clear_bss.o)
 .text.libgcc   0x00003bbc       0x38 c:/users/lenovo/downloads/imt/00-tools/01-imt sdk/01- imt sdk-20230728t213645z-001/01- imt sdk/imt_sdk_win_64/winavr/bin/../lib/gcc/avr/4.3.3/avr5\libgcc.a(_prologue.o)
                0x00003bbc                __prologue_saves__
 .text.libgcc   0x00003bf4       0x36 c:/users/lenovo/downloads/imt/00-tools/01-imt sdk/01- imt sdk-20230728t213645z-001/01- imt sdk/imt_sdk_win_64/winavr/bin/../lib/gcc/avr/4.3.3/avr5\libgcc.a(_epilogue.o)
                0x00003bf4                __epilogue_restores__
                0x00003c2a                . = ALIGN (0x2)
 *(.fini9)
 .fini9         0x00003c2a        0x0 c:/users/lenovo/downloads/imt/00-tools/01-imt sdk/01- imt sdk-20230728t213645z-001/01- imt sdk/imt_sdk_win_64/winavr/bin/../lib/gcc/avr/4.3.3/avr5\libgcc.a(_exit.o)
                0x00003c2a                exit
                0x00003c2a                _exit
 *(.fini9)
 *(.fini8)
 *(.fini8)
 *(.fini7)
 *(.fini7)
 *(.fini6)
 *(.fini6)
 *(.fini5)
 *(.fini5)
 *(.fini4)
 *(.fini4)
 *(.fini3)
 *(.fini3)
 *(.fini2)
 *(.fini2)
 *(.fini1)
 *(.fini1)
 *(.fini0)
 .fini0         0x00003c2a        0x4 c:/users/lenovo/downloads/imt/00-tools/01-imt sdk/01- imt sdk-20230728t213645z-001/01- imt sdk/imt_sdk_win_64/winavr/bin/../lib/gcc/avr/4.3.3/avr5\libgcc.a(_exit.o)
 *(.fini0)
                0x00003c2e                _etext = .

.data           0x00800060       0x28 load address 0x00003c2e
                0x00800060                PROVIDE (__data_start, .)
 *(.data)
 .data          0x00800060        0x0 c:/users/lenovo/downloads/imt/00-tools/01-imt sdk/01- imt sdk-20230728t213645z-001/01- imt sdk/imt_sdk_win_64/winavr/bin/../lib/gcc/avr/4.3.3/../../../../avr/lib/avr5/crtm32.o
 .data          0x00800060        0x0 ./KYP_program.o
 .data          0x00800060        0x0 ./LCD_program.o
 .data          0x00800060        0x0 ./main.o
 .data          0x00800060        0x0 ./program.o
 .data          0x00800060        0x0 c:/users/lenovo/downloads/imt/00-tools/01-imt sdk/01- imt sdk-20230728t213645z-001/01- imt sdk/imt_sdk_win_64/winavr/bin/../lib/gcc/avr/4.3.3/avr5\libgcc.a(_udivmodhi4.o)
 .data          0x00800060        0x0 c:/users/lenovo/downloads/imt/00-tools/01-imt sdk/01- imt sdk-20230728t213645z-001/01- imt sdk/imt_sdk_win_64/winavr/bin/../lib/gcc/avr/4.3.3/avr5\libgcc.a(_divmodhi4.o)
 .data          0x00800060        0x0 c:/users/lenovo/downloads/imt/00-tools/01-imt sdk/01- imt sdk-20230728t213645z-001/01- imt sdk/imt_sdk_win_64/winavr/bin/../lib/gcc/avr/4.3.3/avr5\libgcc.a(_udivmodsi4.o)
 .data          0x00800060        0x0 c:/users/lenovo/downloads/imt/00-tools/01-imt sdk/01- imt sdk-20230728t213645z-001/01- imt sdk/imt_sdk_win_64/winavr/bin/../lib/gcc/avr/4.3.3/avr5\libgcc.a(_exit.o)
 .data          0x00800060        0x0 c:/users/lenovo/downloads/imt/00-tools/01-imt sdk/01- imt sdk-20230728t213645z-001/01- imt sdk/imt_sdk_win_64/winavr/bin/../lib/gcc/avr/4.3.3/avr5\libgcc.a(_copy_data.o)
 .data          0x00800060        0x0 c:/users/lenovo/downloads/imt/00-tools/01-imt sdk/01- imt sdk-20230728t213645z-001/01- imt sdk/imt_sdk_win_64/winavr/bin/../lib/gcc/avr/4.3.3/avr5\libgcc.a(_clear_bss.o)
 .data          0x00800060        0x0 c:/users/lenovo/downloads/imt/00-tools/01-imt sdk/01- imt sdk-20230728t213645z-001/01- imt sdk/imt_sdk_win_64/winavr/bin/../lib/gcc/avr/4.3.3/avr5\libgcc.a(_fixunssfsi.o)
 .data          0x00800060        0x0 c:/users/lenovo/downloads/imt/00-tools/01-imt sdk/01- imt sdk-20230728t213645z-001/01- imt sdk/imt_sdk_win_64/winavr/bin/../lib/gcc/avr/4.3.3/avr5\libgcc.a(_addsub_sf.o)
 .data          0x00800060        0x0 c:/users/lenovo/downloads/imt/00-tools/01-imt sdk/01- imt sdk-20230728t213645z-001/01- imt sdk/imt_sdk_win_64/winavr/bin/../lib/gcc/avr/4.3.3/avr5\libgcc.a(_mul_sf.o)
 .data          0x00800060        0x0 c:/users/lenovo/downloads/imt/00-tools/01-imt sdk/01- imt sdk-20230728t213645z-001/01- imt sdk/imt_sdk_win_64/winavr/bin/../lib/gcc/avr/4.3.3/avr5\libgcc.a(_gt_sf.o)
 .data          0x00800060        0x0 c:/users/lenovo/downloads/imt/00-tools/01-imt sdk/01- imt sdk-20230728t213645z-001/01- imt sdk/imt_sdk_win_64/winavr/bin/../lib/gcc/avr/4.3.3/avr5\libgcc.a(_ge_sf.o)
 .data          0x00800060        0x0 c:/users/lenovo/downloads/imt/00-tools/01-imt sdk/01- imt sdk-20230728t213645z-001/01- imt sdk/imt_sdk_win_64/winavr/bin/../lib/gcc/avr/4.3.3/avr5\libgcc.a(_lt_sf.o)
 .data          0x00800060        0x0 c:/users/lenovo/downloads/imt/00-tools/01-imt sdk/01- imt sdk-20230728t213645z-001/01- imt sdk/imt_sdk_win_64/winavr/bin/../lib/gcc/avr/4.3.3/avr5\libgcc.a(_sf_to_si.o)
 .data          0x00800060        0x8 c:/users/lenovo/downloads/imt/00-tools/01-imt sdk/01- imt sdk-20230728t213645z-001/01- imt sdk/imt_sdk_win_64/winavr/bin/../lib/gcc/avr/4.3.3/avr5\libgcc.a(_thenan_sf.o)
                0x00800060                __thenan_sf
 .data          0x00800068        0x0 c:/users/lenovo/downloads/imt/00-tools/01-imt sdk/01- imt sdk-20230728t213645z-001/01- imt sdk/imt_sdk_win_64/winavr/bin/../lib/gcc/avr/4.3.3/avr5\libgcc.a(_prologue.o)
 .data          0x00800068        0x0 c:/users/lenovo/downloads/imt/00-tools/01-imt sdk/01- imt sdk-20230728t213645z-001/01- imt sdk/imt_sdk_win_64/winavr/bin/../lib/gcc/avr/4.3.3/avr5\libgcc.a(_epilogue.o)
 .data          0x00800068        0x0 c:/users/lenovo/downloads/imt/00-tools/01-imt sdk/01- imt sdk-20230728t213645z-001/01- imt sdk/imt_sdk_win_64/winavr/bin/../lib/gcc/avr/4.3.3/avr5\libgcc.a(_pack_sf.o)
 .data          0x00800068        0x0 c:/users/lenovo/downloads/imt/00-tools/01-imt sdk/01- imt sdk-20230728t213645z-001/01- imt sdk/imt_sdk_win_64/winavr/bin/../lib/gcc/avr/4.3.3/avr5\libgcc.a(_unpack_sf.o)
 .data          0x00800068        0x0 c:/users/lenovo/downloads/imt/00-tools/01-imt sdk/01- imt sdk-20230728t213645z-001/01- imt sdk/imt_sdk_win_64/winavr/bin/../lib/gcc/avr/4.3.3/avr5\libgcc.a(_fpcmp_parts_sf.o)
 *(.data*)
 .data.KYP_ARR.1296
                0x00800068       0x10 ./KYP_program.o
 .data.Local_ArrayOfChar.1479
                0x00800078        0xa ./LCD_program.o
 *(.rodata)
 *(.rodata*)
 .rodata.C.0.1367
                0x00800082        0x6 ./main.o
 *(.gnu.linkonce.d*)
                0x00800088                . = ALIGN (0x2)
                0x00800088                _edata = .
                0x00800088                PROVIDE (__data_end, .)

.bss            0x00800088        0xa
                0x00800088                PROVIDE (__bss_start, .)
 *(.bss)
 .bss           0x00800088        0x0 c:/users/lenovo/downloads/imt/00-tools/01-imt sdk/01- imt sdk-20230728t213645z-001/01- imt sdk/imt_sdk_win_64/winavr/bin/../lib/gcc/avr/4.3.3/../../../../avr/lib/avr5/crtm32.o
 .bss           0x00800088        0x0 ./KYP_program.o
 .bss           0x00800088        0x0 ./LCD_program.o
 .bss           0x00800088        0x0 ./main.o
 .bss           0x00800088        0x0 ./program.o
 .bss           0x00800088        0x0 c:/users/lenovo/downloads/imt/00-tools/01-imt sdk/01- imt sdk-20230728t213645z-001/01- imt sdk/imt_sdk_win_64/winavr/bin/../lib/gcc/avr/4.3.3/avr5\libgcc.a(_udivmodhi4.o)
 .bss           0x00800088        0x0 c:/users/lenovo/downloads/imt/00-tools/01-imt sdk/01- imt sdk-20230728t213645z-001/01- imt sdk/imt_sdk_win_64/winavr/bin/../lib/gcc/avr/4.3.3/avr5\libgcc.a(_divmodhi4.o)
 .bss           0x00800088        0x0 c:/users/lenovo/downloads/imt/00-tools/01-imt sdk/01- imt sdk-20230728t213645z-001/01- imt sdk/imt_sdk_win_64/winavr/bin/../lib/gcc/avr/4.3.3/avr5\libgcc.a(_udivmodsi4.o)
 .bss           0x00800088        0x0 c:/users/lenovo/downloads/imt/00-tools/01-imt sdk/01- imt sdk-20230728t213645z-001/01- imt sdk/imt_sdk_win_64/winavr/bin/../lib/gcc/avr/4.3.3/avr5\libgcc.a(_exit.o)
 .bss           0x00800088        0x0 c:/users/lenovo/downloads/imt/00-tools/01-imt sdk/01- imt sdk-20230728t213645z-001/01- imt sdk/imt_sdk_win_64/winavr/bin/../lib/gcc/avr/4.3.3/avr5\libgcc.a(_copy_data.o)
 .bss           0x00800088        0x0 c:/users/lenovo/downloads/imt/00-tools/01-imt sdk/01- imt sdk-20230728t213645z-001/01- imt sdk/imt_sdk_win_64/winavr/bin/../lib/gcc/avr/4.3.3/avr5\libgcc.a(_clear_bss.o)
 .bss           0x00800088        0x0 c:/users/lenovo/downloads/imt/00-tools/01-imt sdk/01- imt sdk-20230728t213645z-001/01- imt sdk/imt_sdk_win_64/winavr/bin/../lib/gcc/avr/4.3.3/avr5\libgcc.a(_fixunssfsi.o)
 .bss           0x00800088        0x0 c:/users/lenovo/downloads/imt/00-tools/01-imt sdk/01- imt sdk-20230728t213645z-001/01- imt sdk/imt_sdk_win_64/winavr/bin/../lib/gcc/avr/4.3.3/avr5\libgcc.a(_addsub_sf.o)
 .bss           0x00800088        0x0 c:/users/lenovo/downloads/imt/00-tools/01-imt sdk/01- imt sdk-20230728t213645z-001/01- imt sdk/imt_sdk_win_64/winavr/bin/../lib/gcc/avr/4.3.3/avr5\libgcc.a(_mul_sf.o)
 .bss           0x00800088        0x0 c:/users/lenovo/downloads/imt/00-tools/01-imt sdk/01- imt sdk-20230728t213645z-001/01- imt sdk/imt_sdk_win_64/winavr/bin/../lib/gcc/avr/4.3.3/avr5\libgcc.a(_gt_sf.o)
 .bss           0x00800088        0x0 c:/users/lenovo/downloads/imt/00-tools/01-imt sdk/01- imt sdk-20230728t213645z-001/01- imt sdk/imt_sdk_win_64/winavr/bin/../lib/gcc/avr/4.3.3/avr5\libgcc.a(_ge_sf.o)
 .bss           0x00800088        0x0 c:/users/lenovo/downloads/imt/00-tools/01-imt sdk/01- imt sdk-20230728t213645z-001/01- imt sdk/imt_sdk_win_64/winavr/bin/../lib/gcc/avr/4.3.3/avr5\libgcc.a(_lt_sf.o)
 .bss           0x00800088        0x0 c:/users/lenovo/downloads/imt/00-tools/01-imt sdk/01- imt sdk-20230728t213645z-001/01- imt sdk/imt_sdk_win_64/winavr/bin/../lib/gcc/avr/4.3.3/avr5\libgcc.a(_sf_to_si.o)
 .bss           0x00800088        0x0 c:/users/lenovo/downloads/imt/00-tools/01-imt sdk/01- imt sdk-20230728t213645z-001/01- imt sdk/imt_sdk_win_64/winavr/bin/../lib/gcc/avr/4.3.3/avr5\libgcc.a(_thenan_sf.o)
 .bss           0x00800088        0x0 c:/users/lenovo/downloads/imt/00-tools/01-imt sdk/01- imt sdk-20230728t213645z-001/01- imt sdk/imt_sdk_win_64/winavr/bin/../lib/gcc/avr/4.3.3/avr5\libgcc.a(_prologue.o)
 .bss           0x00800088        0x0 c:/users/lenovo/downloads/imt/00-tools/01-imt sdk/01- imt sdk-20230728t213645z-001/01- imt sdk/imt_sdk_win_64/winavr/bin/../lib/gcc/avr/4.3.3/avr5\libgcc.a(_epilogue.o)
 .bss           0x00800088        0x0 c:/users/lenovo/downloads/imt/00-tools/01-imt sdk/01- imt sdk-20230728t213645z-001/01- imt sdk/imt_sdk_win_64/winavr/bin/../lib/gcc/avr/4.3.3/avr5\libgcc.a(_pack_sf.o)
 .bss           0x00800088        0x0 c:/users/lenovo/downloads/imt/00-tools/01-imt sdk/01- imt sdk-20230728t213645z-001/01- imt sdk/imt_sdk_win_64/winavr/bin/../lib/gcc/avr/4.3.3/avr5\libgcc.a(_unpack_sf.o)
 .bss           0x00800088        0x0 c:/users/lenovo/downloads/imt/00-tools/01-imt sdk/01- imt sdk-20230728t213645z-001/01- imt sdk/imt_sdk_win_64/winavr/bin/../lib/gcc/avr/4.3.3/avr5\libgcc.a(_fpcmp_parts_sf.o)
 *(.bss*)
 .bss.Local_ArrayOfDigits.1480
                0x00800088        0xa ./LCD_program.o
 *(COMMON)
                0x00800092                PROVIDE (__bss_end, .)
                0x00003c2e                __data_load_start = LOADADDR (.data)
                0x00003c56                __data_load_end = (__data_load_start + SIZEOF (.data))

.noinit         0x00800092        0x0
                0x00800092                PROVIDE (__noinit_start, .)
 *(.noinit*)
                0x00800092                PROVIDE (__noinit_end, .)
                0x00800092                _end = .
                0x00800092                PROVIDE (__heap_start, .)

.eeprom         0x00810000        0x0
 *(.eeprom*)
                0x00810000                __eeprom_end = .

.fuse
 *(.fuse)
 *(.lfuse)
 *(.hfuse)
 *(.efuse)

.lock
 *(.lock*)

.signature
 *(.signature*)

.stab           0x00000000     0x2604
 *(.stab)
 .stab          0x00000000      0x600 ./KYP_program.o
 .stab          0x00000600      0xf00 ./LCD_program.o
                               0x1104 (size before relaxing)
 .stab          0x00001500      0x990 ./main.o
                                0xb94 (size before relaxing)
 .stab          0x00001e90      0x774 ./program.o
                                0x7ec (size before relaxing)

.stabstr        0x00000000      0xd0d
 *(.stabstr)
 .stabstr       0x00000000      0xd0d ./KYP_program.o

.stab.excl
 *(.stab.excl)

.stab.exclstr
 *(.stab.exclstr)

.stab.index
 *(.stab.index)

.stab.indexstr
 *(.stab.indexstr)

.comment
 *(.comment)

.debug
 *(.debug)

.line
 *(.line)

.debug_srcinfo
 *(.debug_srcinfo)

.debug_sfnames
 *(.debug_sfnames)

.debug_aranges  0x00000000      0x140
 *(.debug_aranges)
 .debug_aranges
                0x00000000       0x20 c:/users/lenovo/downloads/imt/00-tools/01-imt sdk/01- imt sdk-20230728t213645z-001/01- imt sdk/imt_sdk_win_64/winavr/bin/../lib/gcc/avr/4.3.3/avr5\libgcc.a(_fixunssfsi.o)
 .debug_aranges
                0x00000020       0x20 c:/users/lenovo/downloads/imt/00-tools/01-imt sdk/01- imt sdk-20230728t213645z-001/01- imt sdk/imt_sdk_win_64/winavr/bin/../lib/gcc/avr/4.3.3/avr5\libgcc.a(_addsub_sf.o)
 .debug_aranges
                0x00000040       0x20 c:/users/lenovo/downloads/imt/00-tools/01-imt sdk/01- imt sdk-20230728t213645z-001/01- imt sdk/imt_sdk_win_64/winavr/bin/../lib/gcc/avr/4.3.3/avr5\libgcc.a(_mul_sf.o)
 .debug_aranges
                0x00000060       0x20 c:/users/lenovo/downloads/imt/00-tools/01-imt sdk/01- imt sdk-20230728t213645z-001/01- imt sdk/imt_sdk_win_64/winavr/bin/../lib/gcc/avr/4.3.3/avr5\libgcc.a(_gt_sf.o)
 .debug_aranges
                0x00000080       0x20 c:/users/lenovo/downloads/imt/00-tools/01-imt sdk/01- imt sdk-20230728t213645z-001/01- imt sdk/imt_sdk_win_64/winavr/bin/../lib/gcc/avr/4.3.3/avr5\libgcc.a(_ge_sf.o)
 .debug_aranges
                0x000000a0       0x20 c:/users/lenovo/downloads/imt/00-tools/01-imt sdk/01- imt sdk-20230728t213645z-001/01- imt sdk/imt_sdk_win_64/winavr/bin/../lib/gcc/avr/4.3.3/avr5\libgcc.a(_lt_sf.o)
 .debug_aranges
                0x000000c0       0x20 c:/users/lenovo/downloads/imt/00-tools/01-imt sdk/01- imt sdk-20230728t213645z-001/01- imt sdk/imt_sdk_win_64/winavr/bin/../lib/gcc/avr/4.3.3/avr5\libgcc.a(_sf_to_si.o)
 .debug_aranges
                0x000000e0       0x20 c:/users/lenovo/downloads/imt/00-tools/01-imt sdk/01- imt sdk-20230728t213645z-001/01- imt sdk/imt_sdk_win_64/winavr/bin/../lib/gcc/avr/4.3.3/avr5\libgcc.a(_pack_sf.o)
 .debug_aranges
                0x00000100       0x20 c:/users/lenovo/downloads/imt/00-tools/01-imt sdk/01- imt sdk-20230728t213645z-001/01- imt sdk/imt_sdk_win_64/winavr/bin/../lib/gcc/avr/4.3.3/avr5\libgcc.a(_unpack_sf.o)
 .debug_aranges
                0x00000120       0x20 c:/users/lenovo/downloads/imt/00-tools/01-imt sdk/01- imt sdk-20230728t213645z-001/01- imt sdk/imt_sdk_win_64/winavr/bin/../lib/gcc/avr/4.3.3/avr5\libgcc.a(_fpcmp_parts_sf.o)

.debug_pubnames
                0x00000000      0x170
 *(.debug_pubnames)
 .debug_pubnames
                0x00000000       0x23 c:/users/lenovo/downloads/imt/00-tools/01-imt sdk/01- imt sdk-20230728t213645z-001/01- imt sdk/imt_sdk_win_64/winavr/bin/../lib/gcc/avr/4.3.3/avr5\libgcc.a(_fixunssfsi.o)
 .debug_pubnames
                0x00000023       0x2c c:/users/lenovo/downloads/imt/00-tools/01-imt sdk/01- imt sdk-20230728t213645z-001/01- imt sdk/imt_sdk_win_64/winavr/bin/../lib/gcc/avr/4.3.3/avr5\libgcc.a(_addsub_sf.o)
 .debug_pubnames
                0x0000004f       0x1f c:/users/lenovo/downloads/imt/00-tools/01-imt sdk/01- imt sdk-20230728t213645z-001/01- imt sdk/imt_sdk_win_64/winavr/bin/../lib/gcc/avr/4.3.3/avr5\libgcc.a(_mul_sf.o)
 .debug_pubnames
                0x0000006e       0x1e c:/users/lenovo/downloads/imt/00-tools/01-imt sdk/01- imt sdk-20230728t213645z-001/01- imt sdk/imt_sdk_win_64/winavr/bin/../lib/gcc/avr/4.3.3/avr5\libgcc.a(_gt_sf.o)
 .debug_pubnames
                0x0000008c       0x1e c:/users/lenovo/downloads/imt/00-tools/01-imt sdk/01- imt sdk-20230728t213645z-001/01- imt sdk/imt_sdk_win_64/winavr/bin/../lib/gcc/avr/4.3.3/avr5\libgcc.a(_ge_sf.o)
 .debug_pubnames
                0x000000aa       0x1e c:/users/lenovo/downloads/imt/00-tools/01-imt sdk/01- imt sdk-20230728t213645z-001/01- imt sdk/imt_sdk_win_64/winavr/bin/../lib/gcc/avr/4.3.3/avr5\libgcc.a(_lt_sf.o)
 .debug_pubnames
                0x000000c8       0x20 c:/users/lenovo/downloads/imt/00-tools/01-imt sdk/01- imt sdk-20230728t213645z-001/01- imt sdk/imt_sdk_win_64/winavr/bin/../lib/gcc/avr/4.3.3/avr5\libgcc.a(_sf_to_si.o)
 .debug_pubnames
                0x000000e8       0x22 c:/users/lenovo/downloads/imt/00-tools/01-imt sdk/01- imt sdk-20230728t213645z-001/01- imt sdk/imt_sdk_win_64/winavr/bin/../lib/gcc/avr/4.3.3/avr5\libgcc.a(_thenan_sf.o)
 .debug_pubnames
                0x0000010a       0x1f c:/users/lenovo/downloads/imt/00-tools/01-imt sdk/01- imt sdk-20230728t213645z-001/01- imt sdk/imt_sdk_win_64/winavr/bin/../lib/gcc/avr/4.3.3/avr5\libgcc.a(_pack_sf.o)
 .debug_pubnames
                0x00000129       0x21 c:/users/lenovo/downloads/imt/00-tools/01-imt sdk/01- imt sdk-20230728t213645z-001/01- imt sdk/imt_sdk_win_64/winavr/bin/../lib/gcc/avr/4.3.3/avr5\libgcc.a(_unpack_sf.o)
 .debug_pubnames
                0x0000014a       0x26 c:/users/lenovo/downloads/imt/00-tools/01-imt sdk/01- imt sdk-20230728t213645z-001/01- imt sdk/imt_sdk_win_64/winavr/bin/../lib/gcc/avr/4.3.3/avr5\libgcc.a(_fpcmp_parts_sf.o)

.debug_info     0x00000000     0x1c49
 *(.debug_info)
 .debug_info    0x00000000       0xb1 c:/users/lenovo/downloads/imt/00-tools/01-imt sdk/01- imt sdk-20230728t213645z-001/01- imt sdk/imt_sdk_win_64/winavr/bin/../lib/gcc/avr/4.3.3/avr5\libgcc.a(_fixunssfsi.o)
 .debug_info    0x000000b1      0x47a c:/users/lenovo/downloads/imt/00-tools/01-imt sdk/01- imt sdk-20230728t213645z-001/01- imt sdk/imt_sdk_win_64/winavr/bin/../lib/gcc/avr/4.3.3/avr5\libgcc.a(_addsub_sf.o)
 .debug_info    0x0000052b      0x485 c:/users/lenovo/downloads/imt/00-tools/01-imt sdk/01- imt sdk-20230728t213645z-001/01- imt sdk/imt_sdk_win_64/winavr/bin/../lib/gcc/avr/4.3.3/avr5\libgcc.a(_mul_sf.o)
 .debug_info    0x000009b0      0x27f c:/users/lenovo/downloads/imt/00-tools/01-imt sdk/01- imt sdk-20230728t213645z-001/01- imt sdk/imt_sdk_win_64/winavr/bin/../lib/gcc/avr/4.3.3/avr5\libgcc.a(_gt_sf.o)
 .debug_info    0x00000c2f      0x27f c:/users/lenovo/downloads/imt/00-tools/01-imt sdk/01- imt sdk-20230728t213645z-001/01- imt sdk/imt_sdk_win_64/winavr/bin/../lib/gcc/avr/4.3.3/avr5\libgcc.a(_ge_sf.o)
 .debug_info    0x00000eae      0x27f c:/users/lenovo/downloads/imt/00-tools/01-imt sdk/01- imt sdk-20230728t213645z-001/01- imt sdk/imt_sdk_win_64/winavr/bin/../lib/gcc/avr/4.3.3/avr5\libgcc.a(_lt_sf.o)
 .debug_info    0x0000112d      0x2b0 c:/users/lenovo/downloads/imt/00-tools/01-imt sdk/01- imt sdk-20230728t213645z-001/01- imt sdk/imt_sdk_win_64/winavr/bin/../lib/gcc/avr/4.3.3/avr5\libgcc.a(_sf_to_si.o)
 .debug_info    0x000013dd      0x12c c:/users/lenovo/downloads/imt/00-tools/01-imt sdk/01- imt sdk-20230728t213645z-001/01- imt sdk/imt_sdk_win_64/winavr/bin/../lib/gcc/avr/4.3.3/avr5\libgcc.a(_thenan_sf.o)
 .debug_info    0x00001509      0x2df c:/users/lenovo/downloads/imt/00-tools/01-imt sdk/01- imt sdk-20230728t213645z-001/01- imt sdk/imt_sdk_win_64/winavr/bin/../lib/gcc/avr/4.3.3/avr5\libgcc.a(_pack_sf.o)
 .debug_info    0x000017e8      0x251 c:/users/lenovo/downloads/imt/00-tools/01-imt sdk/01- imt sdk-20230728t213645z-001/01- imt sdk/imt_sdk_win_64/winavr/bin/../lib/gcc/avr/4.3.3/avr5\libgcc.a(_unpack_sf.o)
 .debug_info    0x00001a39      0x210 c:/users/lenovo/downloads/imt/00-tools/01-imt sdk/01- imt sdk-20230728t213645z-001/01- imt sdk/imt_sdk_win_64/winavr/bin/../lib/gcc/avr/4.3.3/avr5\libgcc.a(_fpcmp_parts_sf.o)
 *(.gnu.linkonce.wi.*)

.debug_abbrev   0x00000000      0xeeb
 *(.debug_abbrev)
 .debug_abbrev  0x00000000       0x5d c:/users/lenovo/downloads/imt/00-tools/01-imt sdk/01- imt sdk-20230728t213645z-001/01- imt sdk/imt_sdk_win_64/winavr/bin/../lib/gcc/avr/4.3.3/avr5\libgcc.a(_fixunssfsi.o)
 .debug_abbrev  0x0000005d      0x1ea c:/users/lenovo/downloads/imt/00-tools/01-imt sdk/01- imt sdk-20230728t213645z-001/01- imt sdk/imt_sdk_win_64/winavr/bin/../lib/gcc/avr/4.3.3/avr5\libgcc.a(_addsub_sf.o)
 .debug_abbrev  0x00000247      0x21b c:/users/lenovo/downloads/imt/00-tools/01-imt sdk/01- imt sdk-20230728t213645z-001/01- imt sdk/imt_sdk_win_64/winavr/bin/../lib/gcc/avr/4.3.3/avr5\libgcc.a(_mul_sf.o)
 .debug_abbrev  0x00000462      0x15a c:/users/lenovo/downloads/imt/00-tools/01-imt sdk/01- imt sdk-20230728t213645z-001/01- imt sdk/imt_sdk_win_64/winavr/bin/../lib/gcc/avr/4.3.3/avr5\libgcc.a(_gt_sf.o)
 .debug_abbrev  0x000005bc      0x15a c:/users/lenovo/downloads/imt/00-tools/01-imt sdk/01- imt sdk-20230728t213645z-001/01- imt sdk/imt_sdk_win_64/winavr/bin/../lib/gcc/avr/4.3.3/avr5\libgcc.a(_ge_sf.o)
 .debug_abbrev  0x00000716      0x15a c:/users/lenovo/downloads/imt/00-tools/01-imt sdk/01- imt sdk-20230728t213645z-001/01- imt sdk/imt_sdk_win_64/winavr/bin/../lib/gcc/avr/4.3.3/avr5\libgcc.a(_lt_sf.o)
 .debug_abbrev  0x00000870      0x17f c:/users/lenovo/downloads/imt/00-tools/01-imt sdk/01- imt sdk-20230728t213645z-001/01- imt sdk/imt_sdk_win_64/winavr/bin/../lib/gcc/avr/4.3.3/avr5\libgcc.a(_sf_to_si.o)
 .debug_abbrev  0x000009ef       0xad c:/users/lenovo/downloads/imt/00-tools/01-imt sdk/01- imt sdk-20230728t213645z-001/01- imt sdk/imt_sdk_win_64/winavr/bin/../lib/gcc/avr/4.3.3/avr5\libgcc.a(_thenan_sf.o)
 .debug_abbrev  0x00000a9c      0x1c0 c:/users/lenovo/downloads/imt/00-tools/01-imt sdk/01- imt sdk-20230728t213645z-001/01- imt sdk/imt_sdk_win_64/winavr/bin/../lib/gcc/avr/4.3.3/avr5\libgcc.a(_pack_sf.o)
 .debug_abbrev  0x00000c5c      0x154 c:/users/lenovo/downloads/imt/00-tools/01-imt sdk/01- imt sdk-20230728t213645z-001/01- imt sdk/imt_sdk_win_64/winavr/bin/../lib/gcc/avr/4.3.3/avr5\libgcc.a(_unpack_sf.o)
 .debug_abbrev  0x00000db0      0x13b c:/users/lenovo/downloads/imt/00-tools/01-imt sdk/01- imt sdk-20230728t213645z-001/01- imt sdk/imt_sdk_win_64/winavr/bin/../lib/gcc/avr/4.3.3/avr5\libgcc.a(_fpcmp_parts_sf.o)

.debug_line     0x00000000      0xdad
 *(.debug_line)
 .debug_line    0x00000000       0xa7 c:/users/lenovo/downloads/imt/00-tools/01-imt sdk/01- imt sdk-20230728t213645z-001/01- imt sdk/imt_sdk_win_64/winavr/bin/../lib/gcc/avr/4.3.3/avr5\libgcc.a(_fixunssfsi.o)
 .debug_line    0x000000a7      0x2af c:/users/lenovo/downloads/imt/00-tools/01-imt sdk/01- imt sdk-20230728t213645z-001/01- imt sdk/imt_sdk_win_64/winavr/bin/../lib/gcc/avr/4.3.3/avr5\libgcc.a(_addsub_sf.o)
 .debug_line    0x00000356      0x239 c:/users/lenovo/downloads/imt/00-tools/01-imt sdk/01- imt sdk-20230728t213645z-001/01- imt sdk/imt_sdk_win_64/winavr/bin/../lib/gcc/avr/4.3.3/avr5\libgcc.a(_mul_sf.o)
 .debug_line    0x0000058f       0xd3 c:/users/lenovo/downloads/imt/00-tools/01-imt sdk/01- imt sdk-20230728t213645z-001/01- imt sdk/imt_sdk_win_64/winavr/bin/../lib/gcc/avr/4.3.3/avr5\libgcc.a(_gt_sf.o)
 .debug_line    0x00000662       0xd3 c:/users/lenovo/downloads/imt/00-tools/01-imt sdk/01- imt sdk-20230728t213645z-001/01- imt sdk/imt_sdk_win_64/winavr/bin/../lib/gcc/avr/4.3.3/avr5\libgcc.a(_ge_sf.o)
 .debug_line    0x00000735       0xd3 c:/users/lenovo/downloads/imt/00-tools/01-imt sdk/01- imt sdk-20230728t213645z-001/01- imt sdk/imt_sdk_win_64/winavr/bin/../lib/gcc/avr/4.3.3/avr5\libgcc.a(_lt_sf.o)
 .debug_line    0x00000808      0x109 c:/users/lenovo/downloads/imt/00-tools/01-imt sdk/01- imt sdk-20230728t213645z-001/01- imt sdk/imt_sdk_win_64/winavr/bin/../lib/gcc/avr/4.3.3/avr5\libgcc.a(_sf_to_si.o)
 .debug_line    0x00000911       0x90 c:/users/lenovo/downloads/imt/00-tools/01-imt sdk/01- imt sdk-20230728t213645z-001/01- imt sdk/imt_sdk_win_64/winavr/bin/../lib/gcc/avr/4.3.3/avr5\libgcc.a(_thenan_sf.o)
 .debug_line    0x000009a1      0x18a c:/users/lenovo/downloads/imt/00-tools/01-imt sdk/01- imt sdk-20230728t213645z-001/01- imt sdk/imt_sdk_win_64/winavr/bin/../lib/gcc/avr/4.3.3/avr5\libgcc.a(_pack_sf.o)
 .debug_line    0x00000b2b      0x14b c:/users/lenovo/downloads/imt/00-tools/01-imt sdk/01- imt sdk-20230728t213645z-001/01- imt sdk/imt_sdk_win_64/winavr/bin/../lib/gcc/avr/4.3.3/avr5\libgcc.a(_unpack_sf.o)
 .debug_line    0x00000c76      0x137 c:/users/lenovo/downloads/imt/00-tools/01-imt sdk/01- imt sdk-20230728t213645z-001/01- imt sdk/imt_sdk_win_64/winavr/bin/../lib/gcc/avr/4.3.3/avr5\libgcc.a(_fpcmp_parts_sf.o)

.debug_frame    0x00000000      0x160
 *(.debug_frame)
 .debug_frame   0x00000000       0x20 c:/users/lenovo/downloads/imt/00-tools/01-imt sdk/01- imt sdk-20230728t213645z-001/01- imt sdk/imt_sdk_win_64/winavr/bin/../lib/gcc/avr/4.3.3/avr5\libgcc.a(_fixunssfsi.o)
 .debug_frame   0x00000020       0x40 c:/users/lenovo/downloads/imt/00-tools/01-imt sdk/01- imt sdk-20230728t213645z-001/01- imt sdk/imt_sdk_win_64/winavr/bin/../lib/gcc/avr/4.3.3/avr5\libgcc.a(_addsub_sf.o)
 .debug_frame   0x00000060       0x20 c:/users/lenovo/downloads/imt/00-tools/01-imt sdk/01- imt sdk-20230728t213645z-001/01- imt sdk/imt_sdk_win_64/winavr/bin/../lib/gcc/avr/4.3.3/avr5\libgcc.a(_mul_sf.o)
 .debug_frame   0x00000080       0x20 c:/users/lenovo/downloads/imt/00-tools/01-imt sdk/01- imt sdk-20230728t213645z-001/01- imt sdk/imt_sdk_win_64/winavr/bin/../lib/gcc/avr/4.3.3/avr5\libgcc.a(_gt_sf.o)
 .debug_frame   0x000000a0       0x20 c:/users/lenovo/downloads/imt/00-tools/01-imt sdk/01- imt sdk-20230728t213645z-001/01- imt sdk/imt_sdk_win_64/winavr/bin/../lib/gcc/avr/4.3.3/avr5\libgcc.a(_ge_sf.o)
 .debug_frame   0x000000c0       0x20 c:/users/lenovo/downloads/imt/00-tools/01-imt sdk/01- imt sdk-20230728t213645z-001/01- imt sdk/imt_sdk_win_64/winavr/bin/../lib/gcc/avr/4.3.3/avr5\libgcc.a(_lt_sf.o)
 .debug_frame   0x000000e0       0x20 c:/users/lenovo/downloads/imt/00-tools/01-imt sdk/01- imt sdk-20230728t213645z-001/01- imt sdk/imt_sdk_win_64/winavr/bin/../lib/gcc/avr/4.3.3/avr5\libgcc.a(_sf_to_si.o)
 .debug_frame   0x00000100       0x20 c:/users/lenovo/downloads/imt/00-tools/01-imt sdk/01- imt sdk-20230728t213645z-001/01- imt sdk/imt_sdk_win_64/winavr/bin/../lib/gcc/avr/4.3.3/avr5\libgcc.a(_pack_sf.o)
 .debug_frame   0x00000120       0x20 c:/users/lenovo/downloads/imt/00-tools/01-imt sdk/01- imt sdk-20230728t213645z-001/01- imt sdk/imt_sdk_win_64/winavr/bin/../lib/gcc/avr/4.3.3/avr5\libgcc.a(_unpack_sf.o)
 .debug_frame   0x00000140       0x20 c:/users/lenovo/downloads/imt/00-tools/01-imt sdk/01- imt sdk-20230728t213645z-001/01- imt sdk/imt_sdk_win_64/winavr/bin/../lib/gcc/avr/4.3.3/avr5\libgcc.a(_fpcmp_parts_sf.o)

.debug_str      0x00000000      0x28d
 *(.debug_str)
 .debug_str     0x00000000       0xbf c:/users/lenovo/downloads/imt/00-tools/01-imt sdk/01- imt sdk-20230728t213645z-001/01- imt sdk/imt_sdk_win_64/winavr/bin/../lib/gcc/avr/4.3.3/avr5\libgcc.a(_fixunssfsi.o)
                                 0xfe (size before relaxing)
 .debug_str     0x000000bf      0x14d c:/users/lenovo/downloads/imt/00-tools/01-imt sdk/01- imt sdk-20230728t213645z-001/01- imt sdk/imt_sdk_win_64/winavr/bin/../lib/gcc/avr/4.3.3/avr5\libgcc.a(_addsub_sf.o)
                                0x206 (size before relaxing)
 .debug_str     0x0000020c       0x27 c:/users/lenovo/downloads/imt/00-tools/01-imt sdk/01- imt sdk-20230728t213645z-001/01- imt sdk/imt_sdk_win_64/winavr/bin/../lib/gcc/avr/4.3.3/avr5\libgcc.a(_mul_sf.o)
                                0x1bf (size before relaxing)
 .debug_str     0x00000233        0xf c:/users/lenovo/downloads/imt/00-tools/01-imt sdk/01- imt sdk-20230728t213645z-001/01- imt sdk/imt_sdk_win_64/winavr/bin/../lib/gcc/avr/4.3.3/avr5\libgcc.a(_gt_sf.o)
                                0x195 (size before relaxing)
 .debug_str     0x00000242        0x8 c:/users/lenovo/downloads/imt/00-tools/01-imt sdk/01- imt sdk-20230728t213645z-001/01- imt sdk/imt_sdk_win_64/winavr/bin/../lib/gcc/avr/4.3.3/avr5\libgcc.a(_ge_sf.o)
                                0x195 (size before relaxing)
 .debug_str     0x0000024a        0x8 c:/users/lenovo/downloads/imt/00-tools/01-imt sdk/01- imt sdk-20230728t213645z-001/01- imt sdk/imt_sdk_win_64/winavr/bin/../lib/gcc/avr/4.3.3/avr5\libgcc.a(_lt_sf.o)
                                0x195 (size before relaxing)
 .debug_str     0x00000252        0xa c:/users/lenovo/downloads/imt/00-tools/01-imt sdk/01- imt sdk-20230728t213645z-001/01- imt sdk/imt_sdk_win_64/winavr/bin/../lib/gcc/avr/4.3.3/avr5\libgcc.a(_sf_to_si.o)
                                0x19e (size before relaxing)
 .debug_str     0x00000000      0x103 c:/users/lenovo/downloads/imt/00-tools/01-imt sdk/01- imt sdk-20230728t213645z-001/01- imt sdk/imt_sdk_win_64/winavr/bin/../lib/gcc/avr/4.3.3/avr5\libgcc.a(_thenan_sf.o)
 .debug_str     0x0000025c       0x16 c:/users/lenovo/downloads/imt/00-tools/01-imt sdk/01- imt sdk-20230728t213645z-001/01- imt sdk/imt_sdk_win_64/winavr/bin/../lib/gcc/avr/4.3.3/avr5\libgcc.a(_pack_sf.o)
                                0x19d (size before relaxing)
 .debug_str     0x00000272        0xb c:/users/lenovo/downloads/imt/00-tools/01-imt sdk/01- imt sdk-20230728t213645z-001/01- imt sdk/imt_sdk_win_64/winavr/bin/../lib/gcc/avr/4.3.3/avr5\libgcc.a(_unpack_sf.o)
                                0x17f (size before relaxing)
 .debug_str     0x0000027d       0x10 c:/users/lenovo/downloads/imt/00-tools/01-imt sdk/01- imt sdk-20230728t213645z-001/01- imt sdk/imt_sdk_win_64/winavr/bin/../lib/gcc/avr/4.3.3/avr5\libgcc.a(_fpcmp_parts_sf.o)
                                0x163 (size before relaxing)

.debug_loc      0x00000000      0x7ce
 *(.debug_loc)
 .debug_loc     0x00000000       0x34 c:/users/lenovo/downloads/imt/00-tools/01-imt sdk/01- imt sdk-20230728t213645z-001/01- imt sdk/imt_sdk_win_64/winavr/bin/../lib/gcc/avr/4.3.3/avr5\libgcc.a(_fixunssfsi.o)
 .debug_loc     0x00000034      0x32a c:/users/lenovo/downloads/imt/00-tools/01-imt sdk/01- imt sdk-20230728t213645z-001/01- imt sdk/imt_sdk_win_64/winavr/bin/../lib/gcc/avr/4.3.3/avr5\libgcc.a(_addsub_sf.o)
 .debug_loc     0x0000035e      0x104 c:/users/lenovo/downloads/imt/00-tools/01-imt sdk/01- imt sdk-20230728t213645z-001/01- imt sdk/imt_sdk_win_64/winavr/bin/../lib/gcc/avr/4.3.3/avr5\libgcc.a(_mul_sf.o)
 .debug_loc     0x00000462       0x3c c:/users/lenovo/downloads/imt/00-tools/01-imt sdk/01- imt sdk-20230728t213645z-001/01- imt sdk/imt_sdk_win_64/winavr/bin/../lib/gcc/avr/4.3.3/avr5\libgcc.a(_gt_sf.o)
 .debug_loc     0x0000049e       0x3c c:/users/lenovo/downloads/imt/00-tools/01-imt sdk/01- imt sdk-20230728t213645z-001/01- imt sdk/imt_sdk_win_64/winavr/bin/../lib/gcc/avr/4.3.3/avr5\libgcc.a(_ge_sf.o)
 .debug_loc     0x000004da       0x3c c:/users/lenovo/downloads/imt/00-tools/01-imt sdk/01- imt sdk-20230728t213645z-001/01- imt sdk/imt_sdk_win_64/winavr/bin/../lib/gcc/avr/4.3.3/avr5\libgcc.a(_lt_sf.o)
 .debug_loc     0x00000516       0x7e c:/users/lenovo/downloads/imt/00-tools/01-imt sdk/01- imt sdk-20230728t213645z-001/01- imt sdk/imt_sdk_win_64/winavr/bin/../lib/gcc/avr/4.3.3/avr5\libgcc.a(_sf_to_si.o)
 .debug_loc     0x00000594      0x13e c:/users/lenovo/downloads/imt/00-tools/01-imt sdk/01- imt sdk-20230728t213645z-001/01- imt sdk/imt_sdk_win_64/winavr/bin/../lib/gcc/avr/4.3.3/avr5\libgcc.a(_pack_sf.o)
 .debug_loc     0x000006d2       0xac c:/users/lenovo/downloads/imt/00-tools/01-imt sdk/01- imt sdk-20230728t213645z-001/01- imt sdk/imt_sdk_win_64/winavr/bin/../lib/gcc/avr/4.3.3/avr5\libgcc.a(_unpack_sf.o)
 .debug_loc     0x0000077e       0x50 c:/users/lenovo/downloads/imt/00-tools/01-imt sdk/01- imt sdk-20230728t213645z-001/01- imt sdk/imt_sdk_win_64/winavr/bin/../lib/gcc/avr/4.3.3/avr5\libgcc.a(_fpcmp_parts_sf.o)

.debug_macinfo
 *(.debug_macinfo)
OUTPUT(Simple_Calculator.elf elf32-avr)
LOAD linker stubs

.debug_ranges   0x00000000       0x50
 .debug_ranges  0x00000000       0x50 c:/users/lenovo/downloads/imt/00-tools/01-imt sdk/01- imt sdk-20230728t213645z-001/01- imt sdk/imt_sdk_win_64/winavr/bin/../lib/gcc/avr/4.3.3/avr5\libgcc.a(_mul_sf.o)
